settings.entoj.mediaQueries.{}
settings.entoj.mediaQueries.
settings.entoj.mediaQueries.{}
settings.entoj.mediaQueries.
