<!-- default -->
hey
42
<!-- arrays -->
'one'
<!-- conditions -->
''
<!-- parameters -->
'primary'
<!-- arguments -->
primary
<!-- boolean -->
1
0
10