-> f:default(defaultValue:'')
 -> f:default(defaultValue:)
 -> f:default(defaultValue:)
