<f:if condition="">COPY</f:if>
<f:if condition=""><f:then>COPY</f:then><f:else>NOCOPY</f:else></f:if>
() ? () : ()
