-> f:count()
 -> f:count()
 -> f:count()
 -> f:count()