<f:for as="item" each="{}" iteration="loop"></f:for>
<f:for as="item" key="key" each="{}" iteration="loop"></f:for>
