-> f:moduleClasses(moduleClass:'')
 -> f:moduleClasses(moduleClass:)
 -> f:moduleClasses(moduleClass:)
