<f:render partial="Templates/ContentElements/e-cta" arguments="{}" />
<f:render partial="Templates/ContentElements/e-cta" arguments="{type: '', text: ''}" />
<f:render partial="Templates/ContentElements/e-cta" arguments="{type: ''}">CONTENT</f:render>
