{ -> e:setProperty(name: '', key: , value: )}
<e:setProperty name="" key="" value="{}" />
