f:translate(key: , extensionName: 'local')
f:translate(key: '', extensionName: 'local')
f:translate(key: , extensionName: 'local')
f:translate(key: '', extensionName: 'local')