 -> f:foo()
 -> f:foo(param0:, param1:)
 -> f:foo(param0:) -> f:bar(param0:)
 -> f:foo()
