<!-- variables -->
moduleClass
model.image.url.1x1
model.images[0].url
loop.length loop.index loop.index0 loop.first loop.last
<!-- variables in conditions -->
{model.copy}{model.headline}
<!-- variables in loops -->
model.items loop.total loop.cycle loop.index loop.isFirst loop.isLast
