<!-- macro m_teaser default values --><f:variable name="type" value="{type -> f:or(alternative: 'content')}" /><!-- macro m_teaser body -->
<!-- macro e_headline default values --><f:variable name="level" value="{level -> f:or(alternative: 1)}" /><f:variable name="skin" value="{skin -> f:or(alternative: 'light')}" /><!-- macro e_headline body -->
