{ name: 'foo', options: {key: 'value'}, tags: {0: 'one', 1: 'two'} }
