-> f:format.raw()
 -> f:format.raw()
 -> f:format.raw()
 -> f:format.raw()