<f:variable name="className" value="{model.headline}-teaser" />
<f:variable name="model.nr" value="{model.id + 1}" />
<f:variable name="simple" value="1.5" />
<f:if condition="{type}"><f:then><f:variable name="className" value="{moduleClass}" /></f:then><f:else><f:variable name="className" value="default" /></f:else></f:if>
<f:variable name="className" value="{ foo: 'bar', bar: foo }" />
