<f:if condition="{model.copy} || {model.headline} == ''">COPY</f:if>
<f:if condition="{model.copy}"><f:then>COPY</f:then><f:else>NOCOPY</f:else></f:if>
