<f:for as="item" each="{model.items}" iteration="loop">COPY</f:for>
<f:for as="item" key="key" each="{model.items}" iteration="loop">BREAKPOINT</f:for>
<f:for as="item" each="{model.items}" iteration="loop">{loop.total}{loop.index}{loop.isFirst}{loop.isLast}</f:for>
